▿ http://www.example.com/hello?a=1&b=2
  ▿ url: Optional<URL>
    - some: http://www.example.com/hello?a=1&b=2
  - cachePolicy: 0
  - timeoutInterval: 10.0
  - mainDocumentURL: Optional<URL>.none
  - networkServiceType: NSURLRequestNetworkServiceType.NSURLRequestNetworkServiceType
  - allowsCellularAccess: true
  ▿ httpMethod: Optional<String>
    - some: "GET"
  ▿ allHTTPHeaderFields: Optional<Dictionary<String, String>>
    ▿ some: 3 key/value pairs
      ▿ (2 elements)
        - key: "Accept"
        - value: "application/json"
      ▿ (2 elements)
        - key: "Authorization"
        - value: "Bearer TOKEN"
      ▿ (2 elements)
        - key: "X-My-Header"
        - value: "Value"
  - httpBody: Optional<Data>.none
  - httpBodyStream: Optional<NSInputStream>.none
  - httpShouldHandleCookies: true
  - httpShouldUsePipelining: false
